../DS1307_Drivers/DS1307_RTC.c:32:9:DS1307_Init	16	static
../DS1307_Drivers/DS1307_RTC.c:68:6:DS1307_Set_Current_Time	24	static
../DS1307_Drivers/DS1307_RTC.c:166:6:DS1307_Set_Current_Date	24	static
../DS1307_Drivers/DS1307_RTC.c:219:6:DS1307_Get_Current_Time	24	static
../DS1307_Drivers/DS1307_RTC.c:299:6:DS1307_Get_Current_Date	24	static
../DS1307_Drivers/DS1307_RTC.c:364:13:DS1307_I2C_PinConfig	32	static
../DS1307_Drivers/DS1307_RTC.c:438:13:DS1307_I2C_Config	8	static
../DS1307_Drivers/DS1307_RTC.c:464:13:DS1307_Write	32	static
../DS1307_Drivers/DS1307_RTC.c:486:16:DS1307_Read	32	static
../DS1307_Drivers/DS1307_RTC.c:516:16:Binary_to_BCD	24	static
../DS1307_Drivers/DS1307_RTC.c:554:16:BCD_to_Binary	24	static
